{
  "documentId": "nmjzg3at7zrwa0mxzyboo15z",
  "name": "Approved",
  "description": "Role given to approved users.",
  "type": "approved",
  "locale": null,
  "permissions": [
    {
      "documentId": "xbrqer94qdfhdznv6n4l04ai",
      "action": "api::about.about.find",
      "locale": null
    },
    {
      "documentId": "ry5qx56cgmoy62se7a94o0km",
      "action": "api::article.article.find",
      "locale": null
    },
    {
      "documentId": "ftq9gixedy5tigpfgtwjz2xk",
      "action": "api::article.article.findOne",
      "locale": null
    },
    {
      "documentId": "oyqv1b9wzvo7x8qw2tlh6vn0",
      "action": "api::author.author.find",
      "locale": null
    },
    {
      "documentId": "m0ygsfeb70xwpih6dodavoma",
      "action": "api::author.author.findOne",
      "locale": null
    },
    {
      "documentId": "r7x1626zlimvhdmos1lysztz",
      "action": "api::category.category.find",
      "locale": null
    },
    {
      "documentId": "w8ywq8hw7u06ocqedd98cy0l",
      "action": "api::category.category.findOne",
      "locale": null
    },
    {
      "documentId": "shplkq7hh7wiomeg4r5qi88t",
      "action": "api::country.country.find",
      "locale": null
    },
    {
      "documentId": "jidcymdgud2hr2sgw0pcre1k",
      "action": "api::country.country.findOne",
      "locale": null
    },
    {
      "documentId": "gfk4w8dhcl1nqce2w9c6clpo",
      "action": "api::global.global.find",
      "locale": null
    },
    {
      "documentId": "ehyg4v9cqq8xsfxx7zw4fs1i",
      "action": "api::organisation.organisation.find",
      "locale": null
    },
    {
      "documentId": "xhm8cqm4ij7u8354ebic9sy3",
      "action": "api::organisation.organisation.findOne",
      "locale": null
    },
    {
      "documentId": "zrk5q0j0dr6wxcshhdi9eake",
      "action": "api::sector.sector.find",
      "locale": null
    },
    {
      "documentId": "b2if25eqsi9cwzcoyyyihytj",
      "action": "api::sector.sector.findOne",
      "locale": null
    },
    {
      "documentId": "chhsfrtbuzy12nu8f8tm4gay",
      "action": "plugin::i18n.locales.listLocales",
      "locale": null
    },
    {
      "documentId": "rikfmtwa6kvnwfuru62odpd8",
      "action": "plugin::upload.content-api.find",
      "locale": null
    },
    {
      "documentId": "tn2kq4wjgfoyoj4cvusc31f4",
      "action": "plugin::upload.content-api.findOne",
      "locale": null
    },
    {
      "documentId": "caiu12mji2k4993124erdlpw",
      "action": "plugin::upload.content-api.upload",
      "locale": null
    },
    {
      "documentId": "u5347m963e1euppg23utm5ze",
      "action": "plugin::users-permissions.auth.changePassword",
      "locale": null
    },
    {
      "documentId": "md1gds9dqnooqtul4u54u09e",
      "action": "plugin::users-permissions.user.me",
      "locale": null
    }
  ]
}